// Jest Snapshot v1, https://goo.gl/fbAQLP

exports[`TOC: (default) should display toc for class' 1`] = `
"## Table of contents

### 构造函数

- [constructor](SomeClass.md#constructor)

### 方法

- [someMethod](SomeClass.md#somemethod)
"
`;

exports[`TOC: (default) should display toc for module' 1`] = `
"## Table of contents

### 类

- [SomeClass](SomeClass.md)

### 类型别称

- [Answer](../modules.md#answer)
- [answer](../modules.md#answer-1)

### 变量

- [\\\\_answer](../modules.md#_answer)
- [answer](../modules.md#answer-2)
"
`;
